❌ CSS is minified
❌ Some tests failed. Check the build output.