­ƒº¬ Running build validation tests...

Ô£à Site directory exists
Ô£à File exists: index.html
Ô£à File exists: news/index.html
Ô£à File exists: info/index.html
Ô£à File exists: contact/index.html
Ô£à File exists: sitemap/index.html
Ô£à File exists: search.json
Ô£à File exists: info/meeting-minutes-and-accounts/index.html
Ô£à File exists: info/ocss-committee-duties/index.html
Ô£à Asset exists: assets/css/build.css
Ô£à Asset exists: assets/js/search.js
Ô£à Asset exists: assets/js/easter-eggs.js
Ô£à Search index is valid JSON
Ô£à Homepage contains blog posts
Ô£à Blog posts have microformats
ÔØî CSS is minified
Ô£à Sitemap contains expected pages

­ƒôè Test Results: 16 passed, 1 failed
ÔØî Some tests failed. Check the build output.
